>>> print_square = __import__('4-print_square').print_square

Test[1]:
>>> print_square(2)
##
##

Test[2]:
>>> print_square(0)

Test[3]:
>>> print_square(-5)
Traceback (most recent call last):
    ...
ValueError: size must be >= 0

Test[4]:
>>> print_square("size")
Traceback (most recent call last):
    ...
TypeError: size must be an integer

Test[5]:
>>> print_square(None)
Traceback (most recent call last):
    ...
TypeError: size must be an integer

Test[6]:
>>> print_square(3.14)
Traceback (most recent call last):
    ...
TypeError: size must be an integer

Test[7]:
>>> print_square()
Traceback (most recent call last):
    ...
TypeError: print_square() missing 1 required positional argument: 'size'
